{
  "user_name": "radish",
  "password": "password"
}
